// Jest Snapshot v1, https://goo.gl/fbAQLP

exports[`Render It should render without crashing 1`] = `
<View
  onLayout={[Function]}
  style={
    Object {
      "alignItems": "center",
      "flex": 1,
      "flexDirection": "column",
      "justifyContent": "center",
    }
  }
>
  <Touchable
    onPress={[Function]}
  >
    <View
      style={
        Array [
          Object {
            "alignItems": "center",
            "backgroundColor": "#e91e63",
            "flexDirection": "row",
            "justifyContent": "flex-start",
            "padding": 20,
          },
          Object {
            "height": 632,
            "width": 750,
          },
        ]
      }
    >
      <Text
        style={
          Array [
            Object {
              "color": "white",
              "fontSize": 24,
              "width": "60%",
            },
            Object {
              "textAlign": "left",
            },
          ]
        }
      >
        J'ai besoin d'aide
      </Text>
      <View
        style={
          Object {
            "bottom": 0,
            "position": "absolute",
            "right": 10,
          }
        }
      >
        <Image
          resizeMode="contain"
          source={
            Object {
              "testUri": "../../../src/assets/img/gars2b.png",
            }
          }
          style={
            Object {
              "height": 250,
              "width": 202,
            }
          }
        />
      </View>
    </View>
  </Touchable>
  <Touchable
    onPress={[Function]}
  >
    <View
      style={
        Array [
          Object {
            "alignItems": "center",
            "backgroundColor": "#17b6b0",
            "flexDirection": "row",
            "justifyContent": "flex-end",
            "padding": 20,
          },
          Object {
            "height": 632,
            "width": 750,
          },
        ]
      }
    >
      <View
        style={
          Object {
            "bottom": 0,
            "left": 10,
            "position": "absolute",
          }
        }
      >
        <Image
          resizeMode="contain"
          source={
            Object {
              "testUri": "../../../src/assets/img/fille2.png",
            }
          }
          style={
            Object {
              "height": 250,
              "width": 232,
            }
          }
        />
      </View>
      <Text
        style={
          Array [
            Object {
              "color": "white",
              "fontSize": 24,
              "width": "60%",
            },
            Object {
              "textAlign": "right",
            },
          ]
        }
      >
        Je peux aider
      </Text>
    </View>
  </Touchable>
</View>
`;
