// Jest Snapshot v1, https://goo.gl/fbAQLP

exports[`Render It should render without crashing 1`] = `
<View
  style={
    Object {
      "flex": 1,
      "flexDirection": "row",
    }
  }
>
  <View
    style={
      Object {
        "padding": 10,
      }
    }
  >
    <Avatar
      size={120}
      src="http://ent3-core.gdapublic.fr/workspace/document/49a54de3-51f8-464b-81bb-a377f508f382"
    />
  </View>
  <View
    style={
      Object {
        "flex": 1,
        "flexGrow": 1,
        "justifyContent": "space-evenly",
        "marginLeft": 15,
      }
    }
  >
    <Text
      id="username-field"
      style={
        Object {
          "color": "#232323",
          "fontSize": 26,
          "fontWeight": "bold",
        }
      }
    >
      John DOE
    </Text>
    <Text
      id="classname-field"
      style={
        Object {
          "color": "#232323",
          "fontSize": 20,
        }
      }
    >
      2DE4
    </Text>
  </View>
</View>
`;
