// Jest Snapshot v1, https://goo.gl/fbAQLP

exports[`Render Error page should render without crashing 1`] = `
<View
  style={
    Object {
      "height": "100%",
      "width": "100%",
    }
  }
>
  <View
    style={
      Object {
        "alignItems": "center",
        "flex": 1,
        "justifyContent": "center",
      }
    }
  >
    <Text
      style={
        Object {
          "alignSelf": "center",
          "fontSize": 20,
          "width": "80%",
        }
      }
    >
      Error message
    </Text>
  </View>
</View>
`;
