// Jest Snapshot v1, https://goo.gl/fbAQLP

exports[`Render PopupMenu should render without crashing 1`] = `
<View>
  <TouchableOpacity
    activeOpacity={0.2}
    onPress={[Function]}
  >
    <Icon
      allowFontScaling={false}
      color="grey"
      name="more-vert"
      size={24}
    />
  </TouchableOpacity>
</View>
`;
