// Jest Snapshot v1, https://goo.gl/fbAQLP

exports[`Render RequestBadge match should render without crashing 1`] = `
<View
  style={
    Object {
      "alignItems": "stretch",
      "backgroundColor": "#e3f2fd",
      "flex": 1,
      "flexDirection": "row",
      "margin": 20,
      "shadowColor": "#929292",
      "shadowOffset": Object {
        "height": 2,
        "width": 2,
      },
      "shadowOpacity": 1,
      "shadowRadius": 2,
    }
  }
>
  <View
    style={
      Object {
        "alignItems": "flex-start",
        "flex": 1,
        "justifyContent": "center",
      }
    }
  >
    <Avatar
      size={80}
      src="http://ent3-core.gdapublic.fr/workspace/document/49a54de3-51f8-464b-81bb-a377f508f382"
    />
  </View>
  <View
    style={
      Object {
        "backgroundColor": "#ffffff",
        "flex": 5,
        "flexDirection": "row",
        "padding": 3,
        "shadowColor": "#929292",
        "shadowOffset": Object {
          "height": -1,
          "width": -2,
        },
        "shadowOpacity": 0.5,
        "shadowRadius": 1,
      }
    }
  >
    <View
      style={
        Object {
          "flex": 4,
          "justifyContent": "space-evenly",
          "marginLeft": 15,
        }
      }
    >
      <View
        style={
          Object {
            "alignItems": "center",
            "flexDirection": "row",
          }
        }
      >
        <Text
          id="username-field"
          style={
            Object {
              "color": "#232323",
              "flex": 1,
              "fontSize": 18,
              "fontWeight": "bold",
            }
          }
        >
          John DOE
        </Text>
        <SecondaryButton
          id="favorite-button"
          onPress={[MockFunction]}
        >
          <Icon
            allowFontScaling={false}
            color="red"
            name="favorite"
            size={20}
          />
        </SecondaryButton>
      </View>
      <Text
        id="classname-field"
        style={
          Object {
            "color": "#232323",
            "fontSize": 16,
          }
        }
      >
        2DE4
      </Text>
      <View
        style={
          Object {
            "flexDirection": "row",
            "flexWrap": "wrap",
          }
        }
      >
        <SubjectBadge
          color="#17b6b0"
          key="1474925-1517929209848"
          title="FRANCAIS"
        />
        <SubjectBadge
          color="#17b6b0"
          key="1480091-1517929209848"
          title="ALLEMAND LV2"
        />
        <SubjectBadge
          color="#17b6b0"
          key="1474895-1517929209848"
          title="ANGLAIS LV1"
        />
      </View>
    </View>
    <View
      style={
        Object {
          "justifyContent": "space-around",
          "padding": 15,
        }
      }
    >
      <SecondaryButton
        id="refuse-button"
        onPress={[MockFunction]}
        style={
          Object {
            "backgroundColor": "#e91e63",
            "borderRadius": 25,
            "height": 50,
            "margin": 5,
            "width": 50,
          }
        }
      >
        <Icon
          allowFontScaling={false}
          name="clear"
          size={12}
          style={
            Object {
              "color": "#ffffff",
              "fontSize": 25,
            }
          }
        />
      </SecondaryButton>
      <SecondaryButton
        id="accept-button"
        onPress={[MockFunction]}
        style={
          Object {
            "backgroundColor": "#17b6b0",
            "borderRadius": 25,
            "height": 50,
            "margin": 5,
            "width": 50,
          }
        }
      >
        <Icon
          allowFontScaling={false}
          name="chat"
          size={12}
          style={
            Object {
              "color": "#ffffff",
              "fontSize": 25,
            }
          }
        />
      </SecondaryButton>
    </View>
  </View>
</View>
`;
